// Jest Snapshot v1, https://goo.gl/fbAQLP

exports[`<PlayerRow /> should render properly with cards 1`] = `
<div
  className={undefined}
  onClick={[Function]}
>
  <div>
    <div
      className=""
      onClick={[Function]}
    >
      <div>
        A
      </div>
    </div>
    <div
      className=""
      onClick={[Function]}
    >
      <div>
        K
      </div>
    </div>
  </div>
  <div
    className={undefined}
  >
     
    45
    %
  </div>
</div>
`;

exports[`<PlayerRow /> should render properly with empty value 1`] = `
<div
  className={undefined}
  onClick={[Function]}
>
  <div>
    <div
      className=""
      onClick={[Function]}
    >
      <div>
        
      </div>
    </div>
    <div
      className=""
      onClick={[Function]}
    >
      <div>
        
      </div>
    </div>
  </div>
  <div
    className={undefined}
  >
    %
  </div>
</div>
`;
